[2026-08-21 12:49:53] local.ERROR: SQLSTATE[HY000] [1045] Access denied for user 'root'@'localhost' (using password: NO) (Connection: mysql, Host: 127.0.0.1, Port: 3306, Database: rcpl, SQL: select * from `sessions` where `id` = FScJZrEycXciwHI2U9rRmDtSTqnv3ACUfdgwyxa4 limit 1) {"exception":"[object] (Illuminate\\Database\\QueryException(code: 1045): SQLSTATE[HY000] [1045] Access denied for user 'root'@'localhost' (using password: NO) (Connection: mysql, Host: 127.0.0.1, Port: 3306, Database: rcpl, SQL: select * from `sessions` where `id` = FScJZrEycXciwHI2U9rRmDtSTqnv3ACUfdgwyxa4 limit 1) at /Users/saklinmustak/Projects/Website Projects/WEB/ranihati-construction-private-limited/vendor/laravel/framework/src/Illuminate/Database/Connection.php:838)
[stacktrace]
#0 /Users/saklinmustak/Projects/Website Projects/WEB/ranihati-construction-private-limited/vendor/laravel/framework/src/Illuminate/Database/Connection.php(999): Illuminate\\Database\\Connection->runQueryCallback('select * from `...', Array, Object(Closure))
#1 /Users/saklinmustak/Projects/Website Projects/WEB/ranihati-construction-private-limited/vendor/laravel/framework/src/Illuminate/Database/Connection.php(978): Illuminate\\Database\\Connection->tryAgainIfCausedByLostConnection(Object(Illuminate\\Database\\QueryException), 'select * from `...', Array, Object(Closure))
#2 /Users/saklinmustak/Projects/Website Projects/WEB/ranihati-construction-private-limited/vendor/laravel/framework/src/Illuminate/Database/Connection.php(796): Illuminate\\Database\\Connection->handleQueryException(Object(Illuminate\\Database\\QueryException), 'select * from `...', Array, Object(Closure))
#3 /Users/saklinmustak/Projects/Website Projects/WEB/ranihati-construction-private-limited/vendor/laravel/framework/src/Illuminate/Database/Connection.php(411): Illuminate\\Database\\Connection->run('select * from `...', Array, Object(Closure))
#4 /Users/saklinmustak/Projects/Website Projects/WEB/ranihati-construction-private-limited/vendor/laravel/framework/src/Illuminate/Database/Query/Builder.php(3386): Illuminate\\Database\\Connection->select('select * from `...', Array, false)
#5 /Users/saklinmustak/Projects/Website Projects/WEB/ranihati-construction-private-limited/vendor/laravel/framework/src/Illuminate/Database/Query/Builder.php(3371): Illuminate\\Database\\Query\\Builder->runSelect()
#6 /Users/saklinmustak/Projects/Website Projects/WEB/ranihati-construction-private-limited/vendor/laravel/framework/src/Illuminate/Database/Query/Builder.php(3961): Illuminate\\Database\\Query\\Builder->{closure:Illuminate\\Database\\Query\\Builder::get():3370}()
#7 /Users/saklinmustak/Projects/Website Projects/WEB/ranihati-construction-private-limited/vendor/laravel/framework/src/Illuminate/Database/Query/Builder.php(3370): Illuminate\\Database\\Query\\Builder->onceWithColumns(Array, Object(Closure))
#8 /Users/saklinmustak/Projects/Website Projects/WEB/ranihati-construction-private-limited/vendor/laravel/framework/src/Illuminate/Database/Concerns/BuildsQueries.php(366): Illuminate\\Database\\Query\\Builder->get(Array)
#9 /Users/saklinmustak/Projects/Website Projects/WEB/ranihati-construction-private-limited/vendor/laravel/framework/src/Illuminate/Database/Query/Builder.php(3293): Illuminate\\Database\\Query\\Builder->first(Array)
#10 /Users/saklinmustak/Projects/Website Projects/WEB/ranihati-construction-private-limited/vendor/laravel/framework/src/Illuminate/Session/DatabaseSessionHandler.php(96): Illuminate\\Database\\Query\\Builder->find('FScJZrEycXciwHI...')
#11 /Users/saklinmustak/Projects/Website Projects/WEB/ranihati-construction-private-limited/vendor/laravel/framework/src/Illuminate/Session/Store.php(126): Illuminate\\Session\\DatabaseSessionHandler->read('FScJZrEycXciwHI...')
#12 /Users/saklinmustak/Projects/Website Projects/WEB/ranihati-construction-private-limited/vendor/laravel/framework/src/Illuminate/Session/Store.php(114): Illuminate\\Session\\Store->readFromHandler()
#13 /Users/saklinmustak/Projects/Website Projects/WEB/ranihati-construction-private-limited/vendor/laravel/framework/src/Illuminate/Session/Store.php(98): Illuminate\\Session\\Store->loadSession()
#14 /Users/saklinmustak/Projects/Website Projects/WEB/ranihati-construction-private-limited/vendor/laravel/framework/src/Illuminate/Session/Middleware/StartSession.php(146): Illuminate\\Session\\Store->start()
#15 /Users/saklinmustak/Projects/Website Projects/WEB/ranihati-construction-private-limited/vendor/laravel/framework/src/Illuminate/Support/helpers.php(390): Illuminate\\Session\\Middleware\\StartSession->{closure:Illuminate\\Session\\Middleware\\StartSession::startSession():143}(Object(Illuminate\\Session\\Store))
#16 /Users/saklinmustak/Projects/Website Projects/WEB/ranihati-construction-private-limited/vendor/laravel/framework/src/Illuminate/Session/Middleware/StartSession.php(143): tap(Object(Illuminate\\Session\\Store), Object(Closure))
#17 /Users/saklinmustak/Projects/Website Projects/WEB/ranihati-construction-private-limited/vendor/laravel/framework/src/Illuminate/Session/Middleware/StartSession.php(115): Illuminate\\Session\\Middleware\\StartSession->startSession(Object(Illuminate\\Http\\Request), Object(Illuminate\\Session\\Store))
#18 /Users/saklinmustak/Projects/Website Projects/WEB/ranihati-construction-private-limited/vendor/laravel/framework/src/Illuminate/Session/Middleware/StartSession.php(63): Illuminate\\Session\\Middleware\\StartSession->handleStatefulRequest(Object(Illuminate\\Http\\Request), Object(Illuminate\\Session\\Store), Object(Closure))
#19 /Users/saklinmustak/Projects/Website Projects/WEB/ranihati-construction-private-limited/vendor/laravel/framework/src/Illuminate/Pipeline/Pipeline.php(219): Illuminate\\Session\\Middleware\\StartSession->handle(Object(Illuminate\\Http\\Request), Object(Closure))
#20 /Users/saklinmustak/Projects/Website Projects/WEB/ranihati-construction-private-limited/vendor/laravel/framework/src/Illuminate/Cookie/Middleware/AddQueuedCookiesToResponse.php(36): Illuminate\\Pipeline\\Pipeline->{closure:{closure:Illuminate\\Pipeline\\Pipeline::carry():194}:195}(Object(Illuminate\\Http\\Request))
#21 /Users/saklinmustak/Projects/Website Projects/WEB/ranihati-construction-private-limited/vendor/laravel/framework/src/Illuminate/Pipeline/Pipeline.php(219): Illuminate\\Cookie\\Middleware\\AddQueuedCookiesToResponse->handle(Object(Illuminate\\Http\\Request), Object(Closure))
#22 /Users/saklinmustak/Projects/Website Projects/WEB/ranihati-construction-private-limited/vendor/laravel/framework/src/Illuminate/Cookie/Middleware/EncryptCookies.php(74): Illuminate\\Pipeline\\Pipeline->{closure:{closure:Illuminate\\Pipeline\\Pipeline::carry():194}:195}(Object(Illuminate\\Http\\Request))
#23 /Users/saklinmustak/Projects/Website Projects/WEB/ranihati-construction-private-limited/vendor/laravel/framework/src/Illuminate/Pipeline/Pipeline.php(219): Illuminate\\Cookie\\Middleware\\EncryptCookies->handle(Object(Illuminate\\Http\\Request), Object(Closure))
#24 /Users/saklinmustak/Projects/Website Projects/WEB/ranihati-construction-private-limited/vendor/laravel/framework/src/Illuminate/Pipeline/Pipeline.php(137): Illuminate\\Pipeline\\Pipeline->{closure:{closure:Illuminate\\Pipeline\\Pipeline::carry():194}:195}(Object(Illuminate\\Http\\Request))
#25 /Users/saklinmustak/Projects/Website Projects/WEB/ranihati-construction-private-limited/vendor/laravel/framework/src/Illuminate/Routing/Router.php(821): Illuminate\\Pipeline\\Pipeline->then(Object(Closure))
#26 /Users/saklinmustak/Projects/Website Projects/WEB/ranihati-construction-private-limited/vendor/laravel/framework/src/Illuminate/Routing/Router.php(800): Illuminate\\Routing\\Router->runRouteWithinStack(Object(Illuminate\\Routing\\Route), Object(Illuminate\\Http\\Request))
#27 /Users/saklinmustak/Projects/Website Projects/WEB/ranihati-construction-private-limited/vendor/laravel/framework/src/Illuminate/Routing/Router.php(764): Illuminate\\Routing\\Router->runRoute(Object(Illuminate\\Http\\Request), Object(Illuminate\\Routing\\Route))
#28 /Users/saklinmustak/Projects/Website Projects/WEB/ranihati-construction-private-limited/vendor/laravel/framework/src/Illuminate/Routing/Router.php(753): Illuminate\\Routing\\Router->dispatchToRoute(Object(Illuminate\\Http\\Request))
#29 /Users/saklinmustak/Projects/Website Projects/WEB/ranihati-construction-private-limited/vendor/laravel/framework/src/Illuminate/Foundation/Http/Kernel.php(200): Illuminate\\Routing\\Router->dispatch(Object(Illuminate\\Http\\Request))
#30 /Users/saklinmustak/Projects/Website Projects/WEB/ranihati-construction-private-limited/vendor/laravel/framework/src/Illuminate/Pipeline/Pipeline.php(180): Illuminate\\Foundation\\Http\\Kernel->{closure:Illuminate\\Foundation\\Http\\Kernel::dispatchToRouter():197}(Object(Illuminate\\Http\\Request))
#31 /Users/saklinmustak/Projects/Website Projects/WEB/ranihati-construction-private-limited/vendor/livewire/livewire/src/Features/SupportDisablingBackButtonCache/DisableBackButtonCacheMiddleware.php(19): Illuminate\\Pipeline\\Pipeline->{closure:Illuminate\\Pipeline\\Pipeline::prepareDestination():178}(Object(Illuminate\\Http\\Request))
#32 /Users/saklinmustak/Projects/Website Projects/WEB/ranihati-construction-private-limited/vendor/laravel/framework/src/Illuminate/Pipeline/Pipeline.php(219): Livewire\\Features\\SupportDisablingBackButtonCache\\DisableBackButtonCacheMiddleware->handle(Object(Illuminate\\Http\\Request), Object(Closure))
#33 /Users/saklinmustak/Projects/Website Projects/WEB/ranihati-construction-private-limited/vendor/laravel/framework/src/Illuminate/Foundation/Http/Middleware/TransformsRequest.php(21): Illuminate\\Pipeline\\Pipeline->{closure:{closure:Illuminate\\Pipeline\\Pipeline::carry():194}:195}(Object(Illuminate\\Http\\Request))
#34 /Users/saklinmustak/Projects/Website Projects/WEB/ranihati-construction-private-limited/vendor/laravel/framework/src/Illuminate/Foundation/Http/Middleware/ConvertEmptyStringsToNull.php(31): Illuminate\\Foundation\\Http\\Middleware\\TransformsRequest->handle(Object(Illuminate\\Http\\Request), Object(Closure))
#35 /Users/saklinmustak/Projects/Website Projects/WEB/ranihati-construction-private-limited/vendor/laravel/framework/src/Illuminate/Pipeline/Pipeline.php(219): Illuminate\\Foundation\\Http\\Middleware\\ConvertEmptyStringsToNull->handle(Object(Illuminate\\Http\\Request), Object(Closure))
#36 /Users/saklinmustak/Projects/Website Projects/WEB/ranihati-construction-private-limited/vendor/laravel/framework/src/Illuminate/Foundation/Http/Middleware/TransformsRequest.php(21): Illuminate\\Pipeline\\Pipeline->{closure:{closure:Illuminate\\Pipeline\\Pipeline::carry():194}:195}(Object(Illuminate\\Http\\Request))
#37 /Users/saklinmustak/Projects/Website Projects/WEB/ranihati-construction-private-limited/vendor/laravel/framework/src/Illuminate/Foundation/Http/Middleware/TrimStrings.php(51): Illuminate\\Foundation\\Http\\Middleware\\TransformsRequest->handle(Object(Illuminate\\Http\\Request), Object(Closure))
#38 /Users/saklinmustak/Projects/Website Projects/WEB/ranihati-construction-private-limited/vendor/laravel/framework/src/Illuminate/Pipeline/Pipeline.php(219): Illuminate\\Foundation\\Http\\Middleware\\TrimStrings->handle(Object(Illuminate\\Http\\Request), Object(Closure))
#39 /Users/saklinmustak/Projects/Website Projects/WEB/ranihati-construction-private-limited/vendor/laravel/framework/src/Illuminate/Http/Middleware/ValidatePostSize.php(27): Illuminate\\Pipeline\\Pipeline->{closure:{closure:Illuminate\\Pipeline\\Pipeline::carry():194}:195}(Object(Illuminate\\Http\\Request))
#40 /Users/saklinmustak/Projects/Website Projects/WEB/ranihati-construction-private-limited/vendor/laravel/framework/src/Illuminate/Pipeline/Pipeline.php(219): Illuminate\\Http\\Middleware\\ValidatePostSize->handle(Object(Illuminate\\Http\\Request), Object(Closure))
#41 /Users/saklinmustak/Projects/Website Projects/WEB/ranihati-construction-private-limited/vendor/laravel/framework/src/Illuminate/Foundation/Http/Middleware/PreventRequestsDuringMaintenance.php(109): Illuminate\\Pipeline\\Pipeline->{closure:{closure:Illuminate\\Pipeline\\Pipeline::carry():194}:195}(Object(Illuminate\\Http\\Request))
#42 /Users/saklinmustak/Projects/Website Projects/WEB/ranihati-construction-private-limited/vendor/laravel/framework/src/Illuminate/Pipeline/Pipeline.php(219): Illuminate\\Foundation\\Http\\Middleware\\PreventRequestsDuringMaintenance->handle(Object(Illuminate\\Http\\Request), Object(Closure))
#43 /Users/saklinmustak/Projects/Website Projects/WEB/ranihati-construction-private-limited/vendor/laravel/framework/src/Illuminate/Http/Middleware/HandleCors.php(61): Illuminate\\Pipeline\\Pipeline->{closure:{closure:Illuminate\\Pipeline\\Pipeline::carry():194}:195}(Object(Illuminate\\Http\\Request))
#44 /Users/saklinmustak/Projects/Website Projects/WEB/ranihati-construction-private-limited/vendor/laravel/framework/src/Illuminate/Pipeline/Pipeline.php(219): Illuminate\\Http\\Middleware\\HandleCors->handle(Object(Illuminate\\Http\\Request), Object(Closure))
#45 /Users/saklinmustak/Projects/Website Projects/WEB/ranihati-construction-private-limited/vendor/laravel/framework/src/Illuminate/Http/Middleware/TrustProxies.php(58): Illuminate\\Pipeline\\Pipeline->{closure:{closure:Illuminate\\Pipeline\\Pipeline::carry():194}:195}(Object(Illuminate\\Http\\Request))
#46 /Users/saklinmustak/Projects/Website Projects/WEB/ranihati-construction-private-limited/vendor/laravel/framework/src/Illuminate/Pipeline/Pipeline.php(219): Illuminate\\Http\\Middleware\\TrustProxies->handle(Object(Illuminate\\Http\\Request), Object(Closure))
#47 /Users/saklinmustak/Projects/Website Projects/WEB/ranihati-construction-private-limited/vendor/laravel/framework/src/Illuminate/Foundation/Http/Middleware/InvokeDeferredCallbacks.php(22): Illuminate\\Pipeline\\Pipeline->{closure:{closure:Illuminate\\Pipeline\\Pipeline::carry():194}:195}(Object(Illuminate\\Http\\Request))
#48 /Users/saklinmustak/Projects/Website Projects/WEB/ranihati-construction-private-limited/vendor/laravel/framework/src/Illuminate/Pipeline/Pipeline.php(219): Illuminate\\Foundation\\Http\\Middleware\\InvokeDeferredCallbacks->handle(Object(Illuminate\\Http\\Request), Object(Closure))
#49 /Users/saklinmustak/Projects/Website Projects/WEB/ranihati-construction-private-limited/vendor/laravel/framework/src/Illuminate/Http/Middleware/ValidatePathEncoding.php(26): Illuminate\\Pipeline\\Pipeline->{closure:{closure:Illuminate\\Pipeline\\Pipeline::carry():194}:195}(Object(Illuminate\\Http\\Request))
#50 /Users/saklinmustak/Projects/Website Projects/WEB/ranihati-construction-private-limited/vendor/laravel/framework/src/Illuminate/Pipeline/Pipeline.php(219): Illuminate\\Http\\Middleware\\ValidatePathEncoding->handle(Object(Illuminate\\Http\\Request), Object(Closure))
#51 /Users/saklinmustak/Projects/Website Projects/WEB/ranihati-construction-private-limited/vendor/laravel/framework/src/Illuminate/Pipeline/Pipeline.php(137): Illuminate\\Pipeline\\Pipeline->{closure:{closure:Illuminate\\Pipeline\\Pipeline::carry():194}:195}(Object(Illuminate\\Http\\Request))
#52 /Users/saklinmustak/Projects/Website Projects/WEB/ranihati-construction-private-limited/vendor/laravel/framework/src/Illuminate/Foundation/Http/Kernel.php(175): Illuminate\\Pipeline\\Pipeline->then(Object(Closure))
#53 /Users/saklinmustak/Projects/Website Projects/WEB/ranihati-construction-private-limited/vendor/laravel/framework/src/Illuminate/Foundation/Http/Kernel.php(144): Illuminate\\Foundation\\Http\\Kernel->sendRequestThroughRouter(Object(Illuminate\\Http\\Request))
#54 /Users/saklinmustak/Projects/Website Projects/WEB/ranihati-construction-private-limited/vendor/laravel/framework/src/Illuminate/Foundation/Application.php(1220): Illuminate\\Foundation\\Http\\Kernel->handle(Object(Illuminate\\Http\\Request))
#55 /Users/saklinmustak/Projects/Website Projects/WEB/ranihati-construction-private-limited/public/index.php(20): Illuminate\\Foundation\\Application->handleRequest(Object(Illuminate\\Http\\Request))
#56 /Applications/Herd.app/Contents/Resources/valet/server.php(168): require('/Users/saklinmu...')
#57 {main}

[previous exception] [object] (PDOException(code: 1045): SQLSTATE[HY000] [1045] Access denied for user 'root'@'localhost' (using password: NO) at /Users/saklinmustak/Projects/Website Projects/WEB/ranihati-construction-private-limited/vendor/laravel/framework/src/Illuminate/Database/Connectors/Connector.php:67)
[stacktrace]
#0 /Users/saklinmustak/Projects/Website Projects/WEB/ranihati-construction-private-limited/vendor/laravel/framework/src/Illuminate/Database/Connectors/Connector.php(67): PDO::connect('mysql:host=127....', 'root', Object(SensitiveParameterValue), Array)
#1 /Users/saklinmustak/Projects/Website Projects/WEB/ranihati-construction-private-limited/vendor/laravel/framework/src/Illuminate/Database/Connectors/Connector.php(85): Illuminate\\Database\\Connectors\\Connector->createPdoConnection('mysql:host=127....', 'root', Object(SensitiveParameterValue), Array)
#2 /Users/saklinmustak/Projects/Website Projects/WEB/ranihati-construction-private-limited/vendor/laravel/framework/src/Illuminate/Database/Connectors/Connector.php(48): Illuminate\\Database\\Connectors\\Connector->tryAgainIfCausedByLostConnection(Object(PDOException), 'mysql:host=127....', 'root', Object(SensitiveParameterValue), Array)
#3 /Users/saklinmustak/Projects/Website Projects/WEB/ranihati-construction-private-limited/vendor/laravel/framework/src/Illuminate/Database/Connectors/MySqlConnector.php(24): Illuminate\\Database\\Connectors\\Connector->createConnection('mysql:host=127....', Array, Array)
#4 /Users/saklinmustak/Projects/Website Projects/WEB/ranihati-construction-private-limited/vendor/laravel/framework/src/Illuminate/Database/Connectors/ConnectionFactory.php(186): Illuminate\\Database\\Connectors\\MySqlConnector->connect(Array)
#5 [internal function]: Illuminate\\Database\\Connectors\\ConnectionFactory->{closure:Illuminate\\Database\\Connectors\\ConnectionFactory::createPdoResolverWithHosts():181}()
#6 /Users/saklinmustak/Projects/Website Projects/WEB/ranihati-construction-private-limited/vendor/laravel/framework/src/Illuminate/Database/Connection.php(1257): call_user_func(Object(Closure))
#7 /Users/saklinmustak/Projects/Website Projects/WEB/ranihati-construction-private-limited/vendor/laravel/framework/src/Illuminate/Database/Connection.php(525): Illuminate\\Database\\Connection->getPdo()
#8 /Users/saklinmustak/Projects/Website Projects/WEB/ranihati-construction-private-limited/vendor/laravel/framework/src/Illuminate/Database/Connection.php(420): Illuminate\\Database\\Connection->getPdoForSelect(false)
#9 /Users/saklinmustak/Projects/Website Projects/WEB/ranihati-construction-private-limited/vendor/laravel/framework/src/Illuminate/Database/Connection.php(827): Illuminate\\Database\\Connection->{closure:Illuminate\\Database\\Connection::select():411}('select * from `...', Array)
#10 /Users/saklinmustak/Projects/Website Projects/WEB/ranihati-construction-private-limited/vendor/laravel/framework/src/Illuminate/Database/Connection.php(999): Illuminate\\Database\\Connection->runQueryCallback('select * from `...', Array, Object(Closure))
#11 /Users/saklinmustak/Projects/Website Projects/WEB/ranihati-construction-private-limited/vendor/laravel/framework/src/Illuminate/Database/Connection.php(978): Illuminate\\Database\\Connection->tryAgainIfCausedByLostConnection(Object(Illuminate\\Database\\QueryException), 'select * from `...', Array, Object(Closure))
#12 /Users/saklinmustak/Projects/Website Projects/WEB/ranihati-construction-private-limited/vendor/laravel/framework/src/Illuminate/Database/Connection.php(796): Illuminate\\Database\\Connection->handleQueryException(Object(Illuminate\\Database\\QueryException), 'select * from `...', Array, Object(Closure))
#13 /Users/saklinmustak/Projects/Website Projects/WEB/ranihati-construction-private-limited/vendor/laravel/framework/src/Illuminate/Database/Connection.php(411): Illuminate\\Database\\Connection->run('select * from `...', Array, Object(Closure))
#14 /Users/saklinmustak/Projects/Website Projects/WEB/ranihati-construction-private-limited/vendor/laravel/framework/src/Illuminate/Database/Query/Builder.php(3386): Illuminate\\Database\\Connection->select('select * from `...', Array, false)
#15 /Users/saklinmustak/Projects/Website Projects/WEB/ranihati-construction-private-limited/vendor/laravel/framework/src/Illuminate/Database/Query/Builder.php(3371): Illuminate\\Database\\Query\\Builder->runSelect()
#16 /Users/saklinmustak/Projects/Website Projects/WEB/ranihati-construction-private-limited/vendor/laravel/framework/src/Illuminate/Database/Query/Builder.php(3961): Illuminate\\Database\\Query\\Builder->{closure:Illuminate\\Database\\Query\\Builder::get():3370}()
#17 /Users/saklinmustak/Projects/Website Projects/WEB/ranihati-construction-private-limited/vendor/laravel/framework/src/Illuminate/Database/Query/Builder.php(3370): Illuminate\\Database\\Query\\Builder->onceWithColumns(Array, Object(Closure))
#18 /Users/saklinmustak/Projects/Website Projects/WEB/ranihati-construction-private-limited/vendor/laravel/framework/src/Illuminate/Database/Concerns/BuildsQueries.php(366): Illuminate\\Database\\Query\\Builder->get(Array)
#19 /Users/saklinmustak/Projects/Website Projects/WEB/ranihati-construction-private-limited/vendor/laravel/framework/src/Illuminate/Database/Query/Builder.php(3293): Illuminate\\Database\\Query\\Builder->first(Array)
#20 /Users/saklinmustak/Projects/Website Projects/WEB/ranihati-construction-private-limited/vendor/laravel/framework/src/Illuminate/Session/DatabaseSessionHandler.php(96): Illuminate\\Database\\Query\\Builder->find('FScJZrEycXciwHI...')
#21 /Users/saklinmustak/Projects/Website Projects/WEB/ranihati-construction-private-limited/vendor/laravel/framework/src/Illuminate/Session/Store.php(126): Illuminate\\Session\\DatabaseSessionHandler->read('FScJZrEycXciwHI...')
#22 /Users/saklinmustak/Projects/Website Projects/WEB/ranihati-construction-private-limited/vendor/laravel/framework/src/Illuminate/Session/Store.php(114): Illuminate\\Session\\Store->readFromHandler()
#23 /Users/saklinmustak/Projects/Website Projects/WEB/ranihati-construction-private-limited/vendor/laravel/framework/src/Illuminate/Session/Store.php(98): Illuminate\\Session\\Store->loadSession()
#24 /Users/saklinmustak/Projects/Website Projects/WEB/ranihati-construction-private-limited/vendor/laravel/framework/src/Illuminate/Session/Middleware/StartSession.php(146): Illuminate\\Session\\Store->start()
#25 /Users/saklinmustak/Projects/Website Projects/WEB/ranihati-construction-private-limited/vendor/laravel/framework/src/Illuminate/Support/helpers.php(390): Illuminate\\Session\\Middleware\\StartSession->{closure:Illuminate\\Session\\Middleware\\StartSession::startSession():143}(Object(Illuminate\\Session\\Store))
#26 /Users/saklinmustak/Projects/Website Projects/WEB/ranihati-construction-private-limited/vendor/laravel/framework/src/Illuminate/Session/Middleware/StartSession.php(143): tap(Object(Illuminate\\Session\\Store), Object(Closure))
#27 /Users/saklinmustak/Projects/Website Projects/WEB/ranihati-construction-private-limited/vendor/laravel/framework/src/Illuminate/Session/Middleware/StartSession.php(115): Illuminate\\Session\\Middleware\\StartSession->startSession(Object(Illuminate\\Http\\Request), Object(Illuminate\\Session\\Store))
#28 /Users/saklinmustak/Projects/Website Projects/WEB/ranihati-construction-private-limited/vendor/laravel/framework/src/Illuminate/Session/Middleware/StartSession.php(63): Illuminate\\Session\\Middleware\\StartSession->handleStatefulRequest(Object(Illuminate\\Http\\Request), Object(Illuminate\\Session\\Store), Object(Closure))
#29 /Users/saklinmustak/Projects/Website Projects/WEB/ranihati-construction-private-limited/vendor/laravel/framework/src/Illuminate/Pipeline/Pipeline.php(219): Illuminate\\Session\\Middleware\\StartSession->handle(Object(Illuminate\\Http\\Request), Object(Closure))
#30 /Users/saklinmustak/Projects/Website Projects/WEB/ranihati-construction-private-limited/vendor/laravel/framework/src/Illuminate/Cookie/Middleware/AddQueuedCookiesToResponse.php(36): Illuminate\\Pipeline\\Pipeline->{closure:{closure:Illuminate\\Pipeline\\Pipeline::carry():194}:195}(Object(Illuminate\\Http\\Request))
#31 /Users/saklinmustak/Projects/Website Projects/WEB/ranihati-construction-private-limited/vendor/laravel/framework/src/Illuminate/Pipeline/Pipeline.php(219): Illuminate\\Cookie\\Middleware\\AddQueuedCookiesToResponse->handle(Object(Illuminate\\Http\\Request), Object(Closure))
#32 /Users/saklinmustak/Projects/Website Projects/WEB/ranihati-construction-private-limited/vendor/laravel/framework/src/Illuminate/Cookie/Middleware/EncryptCookies.php(74): Illuminate\\Pipeline\\Pipeline->{closure:{closure:Illuminate\\Pipeline\\Pipeline::carry():194}:195}(Object(Illuminate\\Http\\Request))
#33 /Users/saklinmustak/Projects/Website Projects/WEB/ranihati-construction-private-limited/vendor/laravel/framework/src/Illuminate/Pipeline/Pipeline.php(219): Illuminate\\Cookie\\Middleware\\EncryptCookies->handle(Object(Illuminate\\Http\\Request), Object(Closure))
#34 /Users/saklinmustak/Projects/Website Projects/WEB/ranihati-construction-private-limited/vendor/laravel/framework/src/Illuminate/Pipeline/Pipeline.php(137): Illuminate\\Pipeline\\Pipeline->{closure:{closure:Illuminate\\Pipeline\\Pipeline::carry():194}:195}(Object(Illuminate\\Http\\Request))
#35 /Users/saklinmustak/Projects/Website Projects/WEB/ranihati-construction-private-limited/vendor/laravel/framework/src/Illuminate/Routing/Router.php(821): Illuminate\\Pipeline\\Pipeline->then(Object(Closure))
#36 /Users/saklinmustak/Projects/Website Projects/WEB/ranihati-construction-private-limited/vendor/laravel/framework/src/Illuminate/Routing/Router.php(800): Illuminate\\Routing\\Router->runRouteWithinStack(Object(Illuminate\\Routing\\Route), Object(Illuminate\\Http\\Request))
#37 /Users/saklinmustak/Projects/Website Projects/WEB/ranihati-construction-private-limited/vendor/laravel/framework/src/Illuminate/Routing/Router.php(764): Illuminate\\Routing\\Router->runRoute(Object(Illuminate\\Http\\Request), Object(Illuminate\\Routing\\Route))
#38 /Users/saklinmustak/Projects/Website Projects/WEB/ranihati-construction-private-limited/vendor/laravel/framework/src/Illuminate/Routing/Router.php(753): Illuminate\\Routing\\Router->dispatchToRoute(Object(Illuminate\\Http\\Request))
#39 /Users/saklinmustak/Projects/Website Projects/WEB/ranihati-construction-private-limited/vendor/laravel/framework/src/Illuminate/Foundation/Http/Kernel.php(200): Illuminate\\Routing\\Router->dispatch(Object(Illuminate\\Http\\Request))
#40 /Users/saklinmustak/Projects/Website Projects/WEB/ranihati-construction-private-limited/vendor/laravel/framework/src/Illuminate/Pipeline/Pipeline.php(180): Illuminate\\Foundation\\Http\\Kernel->{closure:Illuminate\\Foundation\\Http\\Kernel::dispatchToRouter():197}(Object(Illuminate\\Http\\Request))
#41 /Users/saklinmustak/Projects/Website Projects/WEB/ranihati-construction-private-limited/vendor/livewire/livewire/src/Features/SupportDisablingBackButtonCache/DisableBackButtonCacheMiddleware.php(19): Illuminate\\Pipeline\\Pipeline->{closure:Illuminate\\Pipeline\\Pipeline::prepareDestination():178}(Object(Illuminate\\Http\\Request))
#42 /Users/saklinmustak/Projects/Website Projects/WEB/ranihati-construction-private-limited/vendor/laravel/framework/src/Illuminate/Pipeline/Pipeline.php(219): Livewire\\Features\\SupportDisablingBackButtonCache\\DisableBackButtonCacheMiddleware->handle(Object(Illuminate\\Http\\Request), Object(Closure))
#43 /Users/saklinmustak/Projects/Website Projects/WEB/ranihati-construction-private-limited/vendor/laravel/framework/src/Illuminate/Foundation/Http/Middleware/TransformsRequest.php(21): Illuminate\\Pipeline\\Pipeline->{closure:{closure:Illuminate\\Pipeline\\Pipeline::carry():194}:195}(Object(Illuminate\\Http\\Request))
#44 /Users/saklinmustak/Projects/Website Projects/WEB/ranihati-construction-private-limited/vendor/laravel/framework/src/Illuminate/Foundation/Http/Middleware/ConvertEmptyStringsToNull.php(31): Illuminate\\Foundation\\Http\\Middleware\\TransformsRequest->handle(Object(Illuminate\\Http\\Request), Object(Closure))
#45 /Users/saklinmustak/Projects/Website Projects/WEB/ranihati-construction-private-limited/vendor/laravel/framework/src/Illuminate/Pipeline/Pipeline.php(219): Illuminate\\Foundation\\Http\\Middleware\\ConvertEmptyStringsToNull->handle(Object(Illuminate\\Http\\Request), Object(Closure))
#46 /Users/saklinmustak/Projects/Website Projects/WEB/ranihati-construction-private-limited/vendor/laravel/framework/src/Illuminate/Foundation/Http/Middleware/TransformsRequest.php(21): Illuminate\\Pipeline\\Pipeline->{closure:{closure:Illuminate\\Pipeline\\Pipeline::carry():194}:195}(Object(Illuminate\\Http\\Request))
#47 /Users/saklinmustak/Projects/Website Projects/WEB/ranihati-construction-private-limited/vendor/laravel/framework/src/Illuminate/Foundation/Http/Middleware/TrimStrings.php(51): Illuminate\\Foundation\\Http\\Middleware\\TransformsRequest->handle(Object(Illuminate\\Http\\Request), Object(Closure))
#48 /Users/saklinmustak/Projects/Website Projects/WEB/ranihati-construction-private-limited/vendor/laravel/framework/src/Illuminate/Pipeline/Pipeline.php(219): Illuminate\\Foundation\\Http\\Middleware\\TrimStrings->handle(Object(Illuminate\\Http\\Request), Object(Closure))
#49 /Users/saklinmustak/Projects/Website Projects/WEB/ranihati-construction-private-limited/vendor/laravel/framework/src/Illuminate/Http/Middleware/ValidatePostSize.php(27): Illuminate\\Pipeline\\Pipeline->{closure:{closure:Illuminate\\Pipeline\\Pipeline::carry():194}:195}(Object(Illuminate\\Http\\Request))
#50 /Users/saklinmustak/Projects/Website Projects/WEB/ranihati-construction-private-limited/vendor/laravel/framework/src/Illuminate/Pipeline/Pipeline.php(219): Illuminate\\Http\\Middleware\\ValidatePostSize->handle(Object(Illuminate\\Http\\Request), Object(Closure))
#51 /Users/saklinmustak/Projects/Website Projects/WEB/ranihati-construction-private-limited/vendor/laravel/framework/src/Illuminate/Foundation/Http/Middleware/PreventRequestsDuringMaintenance.php(109): Illuminate\\Pipeline\\Pipeline->{closure:{closure:Illuminate\\Pipeline\\Pipeline::carry():194}:195}(Object(Illuminate\\Http\\Request))
#52 /Users/saklinmustak/Projects/Website Projects/WEB/ranihati-construction-private-limited/vendor/laravel/framework/src/Illuminate/Pipeline/Pipeline.php(219): Illuminate\\Foundation\\Http\\Middleware\\PreventRequestsDuringMaintenance->handle(Object(Illuminate\\Http\\Request), Object(Closure))
#53 /Users/saklinmustak/Projects/Website Projects/WEB/ranihati-construction-private-limited/vendor/laravel/framework/src/Illuminate/Http/Middleware/HandleCors.php(61): Illuminate\\Pipeline\\Pipeline->{closure:{closure:Illuminate\\Pipeline\\Pipeline::carry():194}:195}(Object(Illuminate\\Http\\Request))
#54 /Users/saklinmustak/Projects/Website Projects/WEB/ranihati-construction-private-limited/vendor/laravel/framework/src/Illuminate/Pipeline/Pipeline.php(219): Illuminate\\Http\\Middleware\\HandleCors->handle(Object(Illuminate\\Http\\Request), Object(Closure))
#55 /Users/saklinmustak/Projects/Website Projects/WEB/ranihati-construction-private-limited/vendor/laravel/framework/src/Illuminate/Http/Middleware/TrustProxies.php(58): Illuminate\\Pipeline\\Pipeline->{closure:{closure:Illuminate\\Pipeline\\Pipeline::carry():194}:195}(Object(Illuminate\\Http\\Request))
#56 /Users/saklinmustak/Projects/Website Projects/WEB/ranihati-construction-private-limited/vendor/laravel/framework/src/Illuminate/Pipeline/Pipeline.php(219): Illuminate\\Http\\Middleware\\TrustProxies->handle(Object(Illuminate\\Http\\Request), Object(Closure))
#57 /Users/saklinmustak/Projects/Website Projects/WEB/ranihati-construction-private-limited/vendor/laravel/framework/src/Illuminate/Foundation/Http/Middleware/InvokeDeferredCallbacks.php(22): Illuminate\\Pipeline\\Pipeline->{closure:{closure:Illuminate\\Pipeline\\Pipeline::carry():194}:195}(Object(Illuminate\\Http\\Request))
#58 /Users/saklinmustak/Projects/Website Projects/WEB/ranihati-construction-private-limited/vendor/laravel/framework/src/Illuminate/Pipeline/Pipeline.php(219): Illuminate\\Foundation\\Http\\Middleware\\InvokeDeferredCallbacks->handle(Object(Illuminate\\Http\\Request), Object(Closure))
#59 /Users/saklinmustak/Projects/Website Projects/WEB/ranihati-construction-private-limited/vendor/laravel/framework/src/Illuminate/Http/Middleware/ValidatePathEncoding.php(26): Illuminate\\Pipeline\\Pipeline->{closure:{closure:Illuminate\\Pipeline\\Pipeline::carry():194}:195}(Object(Illuminate\\Http\\Request))
#60 /Users/saklinmustak/Projects/Website Projects/WEB/ranihati-construction-private-limited/vendor/laravel/framework/src/Illuminate/Pipeline/Pipeline.php(219): Illuminate\\Http\\Middleware\\ValidatePathEncoding->handle(Object(Illuminate\\Http\\Request), Object(Closure))
#61 /Users/saklinmustak/Projects/Website Projects/WEB/ranihati-construction-private-limited/vendor/laravel/framework/src/Illuminate/Pipeline/Pipeline.php(137): Illuminate\\Pipeline\\Pipeline->{closure:{closure:Illuminate\\Pipeline\\Pipeline::carry():194}:195}(Object(Illuminate\\Http\\Request))
#62 /Users/saklinmustak/Projects/Website Projects/WEB/ranihati-construction-private-limited/vendor/laravel/framework/src/Illuminate/Foundation/Http/Kernel.php(175): Illuminate\\Pipeline\\Pipeline->then(Object(Closure))
#63 /Users/saklinmustak/Projects/Website Projects/WEB/ranihati-construction-private-limited/vendor/laravel/framework/src/Illuminate/Foundation/Http/Kernel.php(144): Illuminate\\Foundation\\Http\\Kernel->sendRequestThroughRouter(Object(Illuminate\\Http\\Request))
#64 /Users/saklinmustak/Projects/Website Projects/WEB/ranihati-construction-private-limited/vendor/laravel/framework/src/Illuminate/Foundation/Application.php(1220): Illuminate\\Foundation\\Http\\Kernel->handle(Object(Illuminate\\Http\\Request))
#65 /Users/saklinmustak/Projects/Website Projects/WEB/ranihati-construction-private-limited/public/index.php(20): Illuminate\\Foundation\\Application->handleRequest(Object(Illuminate\\Http\\Request))
#66 /Applications/Herd.app/Contents/Resources/valet/server.php(168): require('/Users/saklinmu...')
#67 {main}
"} 
[2026-08-21 12:52:36] local.ERROR: SQLSTATE[HY000] [1045] Access denied for user 'root'@'localhost' (using password: NO) (Connection: mysql, Host: 127.0.0.1, Port: 3306, Database: rcpl, SQL: select * from `sessions` where `id` = ckjmTzgV4M6oO3VtxJDPPrmVsZJIch2L2kzvelz7 limit 1) {"exception":"[object] (Illuminate\\Database\\QueryException(code: 1045): SQLSTATE[HY000] [1045] Access denied for user 'root'@'localhost' (using password: NO) (Connection: mysql, Host: 127.0.0.1, Port: 3306, Database: rcpl, SQL: select * from `sessions` where `id` = ckjmTzgV4M6oO3VtxJDPPrmVsZJIch2L2kzvelz7 limit 1) at /Users/saklinmustak/Projects/Website Projects/WEB/ranihati-construction-private-limited/vendor/laravel/framework/src/Illuminate/Database/Connection.php:838)
[stacktrace]
#0 /Users/saklinmustak/Projects/Website Projects/WEB/ranihati-construction-private-limited/vendor/laravel/framework/src/Illuminate/Database/Connection.php(999): Illuminate\\Database\\Connection->runQueryCallback('select * from `...', Array, Object(Closure))
#1 /Users/saklinmustak/Projects/Website Projects/WEB/ranihati-construction-private-limited/vendor/laravel/framework/src/Illuminate/Database/Connection.php(978): Illuminate\\Database\\Connection->tryAgainIfCausedByLostConnection(Object(Illuminate\\Database\\QueryException), 'select * from `...', Array, Object(Closure))
#2 /Users/saklinmustak/Projects/Website Projects/WEB/ranihati-construction-private-limited/vendor/laravel/framework/src/Illuminate/Database/Connection.php(796): Illuminate\\Database\\Connection->handleQueryException(Object(Illuminate\\Database\\QueryException), 'select * from `...', Array, Object(Closure))
#3 /Users/saklinmustak/Projects/Website Projects/WEB/ranihati-construction-private-limited/vendor/laravel/framework/src/Illuminate/Database/Connection.php(411): Illuminate\\Database\\Connection->run('select * from `...', Array, Object(Closure))
#4 /Users/saklinmustak/Projects/Website Projects/WEB/ranihati-construction-private-limited/vendor/laravel/framework/src/Illuminate/Database/Query/Builder.php(3386): Illuminate\\Database\\Connection->select('select * from `...', Array, false)
#5 /Users/saklinmustak/Projects/Website Projects/WEB/ranihati-construction-private-limited/vendor/laravel/framework/src/Illuminate/Database/Query/Builder.php(3371): Illuminate\\Database\\Query\\Builder->runSelect()
#6 /Users/saklinmustak/Projects/Website Projects/WEB/ranihati-construction-private-limited/vendor/laravel/framework/src/Illuminate/Database/Query/Builder.php(3961): Illuminate\\Database\\Query\\Builder->{closure:Illuminate\\Database\\Query\\Builder::get():3370}()
#7 /Users/saklinmustak/Projects/Website Projects/WEB/ranihati-construction-private-limited/vendor/laravel/framework/src/Illuminate/Database/Query/Builder.php(3370): Illuminate\\Database\\Query\\Builder->onceWithColumns(Array, Object(Closure))
#8 /Users/saklinmustak/Projects/Website Projects/WEB/ranihati-construction-private-limited/vendor/laravel/framework/src/Illuminate/Database/Concerns/BuildsQueries.php(366): Illuminate\\Database\\Query\\Builder->get(Array)
#9 /Users/saklinmustak/Projects/Website Projects/WEB/ranihati-construction-private-limited/vendor/laravel/framework/src/Illuminate/Database/Query/Builder.php(3293): Illuminate\\Database\\Query\\Builder->first(Array)
#10 /Users/saklinmustak/Projects/Website Projects/WEB/ranihati-construction-private-limited/vendor/laravel/framework/src/Illuminate/Session/DatabaseSessionHandler.php(96): Illuminate\\Database\\Query\\Builder->find('ckjmTzgV4M6oO3V...')
#11 /Users/saklinmustak/Projects/Website Projects/WEB/ranihati-construction-private-limited/vendor/laravel/framework/src/Illuminate/Session/Store.php(126): Illuminate\\Session\\DatabaseSessionHandler->read('ckjmTzgV4M6oO3V...')
#12 /Users/saklinmustak/Projects/Website Projects/WEB/ranihati-construction-private-limited/vendor/laravel/framework/src/Illuminate/Session/Store.php(114): Illuminate\\Session\\Store->readFromHandler()
#13 /Users/saklinmustak/Projects/Website Projects/WEB/ranihati-construction-private-limited/vendor/laravel/framework/src/Illuminate/Session/Store.php(98): Illuminate\\Session\\Store->loadSession()
#14 /Users/saklinmustak/Projects/Website Projects/WEB/ranihati-construction-private-limited/vendor/laravel/framework/src/Illuminate/Session/Middleware/StartSession.php(146): Illuminate\\Session\\Store->start()
#15 /Users/saklinmustak/Projects/Website Projects/WEB/ranihati-construction-private-limited/vendor/laravel/framework/src/Illuminate/Support/helpers.php(390): Illuminate\\Session\\Middleware\\StartSession->{closure:Illuminate\\Session\\Middleware\\StartSession::startSession():143}(Object(Illuminate\\Session\\Store))
#16 /Users/saklinmustak/Projects/Website Projects/WEB/ranihati-construction-private-limited/vendor/laravel/framework/src/Illuminate/Session/Middleware/StartSession.php(143): tap(Object(Illuminate\\Session\\Store), Object(Closure))
#17 /Users/saklinmustak/Projects/Website Projects/WEB/ranihati-construction-private-limited/vendor/laravel/framework/src/Illuminate/Session/Middleware/StartSession.php(115): Illuminate\\Session\\Middleware\\StartSession->startSession(Object(Illuminate\\Http\\Request), Object(Illuminate\\Session\\Store))
#18 /Users/saklinmustak/Projects/Website Projects/WEB/ranihati-construction-private-limited/vendor/laravel/framework/src/Illuminate/Session/Middleware/StartSession.php(63): Illuminate\\Session\\Middleware\\StartSession->handleStatefulRequest(Object(Illuminate\\Http\\Request), Object(Illuminate\\Session\\Store), Object(Closure))
#19 /Users/saklinmustak/Projects/Website Projects/WEB/ranihati-construction-private-limited/vendor/laravel/framework/src/Illuminate/Pipeline/Pipeline.php(219): Illuminate\\Session\\Middleware\\StartSession->handle(Object(Illuminate\\Http\\Request), Object(Closure))
#20 /Users/saklinmustak/Projects/Website Projects/WEB/ranihati-construction-private-limited/vendor/laravel/framework/src/Illuminate/Cookie/Middleware/AddQueuedCookiesToResponse.php(36): Illuminate\\Pipeline\\Pipeline->{closure:{closure:Illuminate\\Pipeline\\Pipeline::carry():194}:195}(Object(Illuminate\\Http\\Request))
#21 /Users/saklinmustak/Projects/Website Projects/WEB/ranihati-construction-private-limited/vendor/laravel/framework/src/Illuminate/Pipeline/Pipeline.php(219): Illuminate\\Cookie\\Middleware\\AddQueuedCookiesToResponse->handle(Object(Illuminate\\Http\\Request), Object(Closure))
#22 /Users/saklinmustak/Projects/Website Projects/WEB/ranihati-construction-private-limited/vendor/laravel/framework/src/Illuminate/Cookie/Middleware/EncryptCookies.php(74): Illuminate\\Pipeline\\Pipeline->{closure:{closure:Illuminate\\Pipeline\\Pipeline::carry():194}:195}(Object(Illuminate\\Http\\Request))
#23 /Users/saklinmustak/Projects/Website Projects/WEB/ranihati-construction-private-limited/vendor/laravel/framework/src/Illuminate/Pipeline/Pipeline.php(219): Illuminate\\Cookie\\Middleware\\EncryptCookies->handle(Object(Illuminate\\Http\\Request), Object(Closure))
#24 /Users/saklinmustak/Projects/Website Projects/WEB/ranihati-construction-private-limited/vendor/laravel/framework/src/Illuminate/Pipeline/Pipeline.php(137): Illuminate\\Pipeline\\Pipeline->{closure:{closure:Illuminate\\Pipeline\\Pipeline::carry():194}:195}(Object(Illuminate\\Http\\Request))
#25 /Users/saklinmustak/Projects/Website Projects/WEB/ranihati-construction-private-limited/vendor/laravel/framework/src/Illuminate/Routing/Router.php(821): Illuminate\\Pipeline\\Pipeline->then(Object(Closure))
#26 /Users/saklinmustak/Projects/Website Projects/WEB/ranihati-construction-private-limited/vendor/laravel/framework/src/Illuminate/Routing/Router.php(800): Illuminate\\Routing\\Router->runRouteWithinStack(Object(Illuminate\\Routing\\Route), Object(Illuminate\\Http\\Request))
#27 /Users/saklinmustak/Projects/Website Projects/WEB/ranihati-construction-private-limited/vendor/laravel/framework/src/Illuminate/Routing/Router.php(764): Illuminate\\Routing\\Router->runRoute(Object(Illuminate\\Http\\Request), Object(Illuminate\\Routing\\Route))
#28 /Users/saklinmustak/Projects/Website Projects/WEB/ranihati-construction-private-limited/vendor/laravel/framework/src/Illuminate/Routing/Router.php(753): Illuminate\\Routing\\Router->dispatchToRoute(Object(Illuminate\\Http\\Request))
#29 /Users/saklinmustak/Projects/Website Projects/WEB/ranihati-construction-private-limited/vendor/laravel/framework/src/Illuminate/Foundation/Http/Kernel.php(200): Illuminate\\Routing\\Router->dispatch(Object(Illuminate\\Http\\Request))
#30 /Users/saklinmustak/Projects/Website Projects/WEB/ranihati-construction-private-limited/vendor/laravel/framework/src/Illuminate/Pipeline/Pipeline.php(180): Illuminate\\Foundation\\Http\\Kernel->{closure:Illuminate\\Foundation\\Http\\Kernel::dispatchToRouter():197}(Object(Illuminate\\Http\\Request))
#31 /Users/saklinmustak/Projects/Website Projects/WEB/ranihati-construction-private-limited/vendor/livewire/livewire/src/Features/SupportDisablingBackButtonCache/DisableBackButtonCacheMiddleware.php(19): Illuminate\\Pipeline\\Pipeline->{closure:Illuminate\\Pipeline\\Pipeline::prepareDestination():178}(Object(Illuminate\\Http\\Request))
#32 /Users/saklinmustak/Projects/Website Projects/WEB/ranihati-construction-private-limited/vendor/laravel/framework/src/Illuminate/Pipeline/Pipeline.php(219): Livewire\\Features\\SupportDisablingBackButtonCache\\DisableBackButtonCacheMiddleware->handle(Object(Illuminate\\Http\\Request), Object(Closure))
#33 /Users/saklinmustak/Projects/Website Projects/WEB/ranihati-construction-private-limited/vendor/laravel/framework/src/Illuminate/Foundation/Http/Middleware/TransformsRequest.php(21): Illuminate\\Pipeline\\Pipeline->{closure:{closure:Illuminate\\Pipeline\\Pipeline::carry():194}:195}(Object(Illuminate\\Http\\Request))
#34 /Users/saklinmustak/Projects/Website Projects/WEB/ranihati-construction-private-limited/vendor/laravel/framework/src/Illuminate/Foundation/Http/Middleware/ConvertEmptyStringsToNull.php(31): Illuminate\\Foundation\\Http\\Middleware\\TransformsRequest->handle(Object(Illuminate\\Http\\Request), Object(Closure))
#35 /Users/saklinmustak/Projects/Website Projects/WEB/ranihati-construction-private-limited/vendor/laravel/framework/src/Illuminate/Pipeline/Pipeline.php(219): Illuminate\\Foundation\\Http\\Middleware\\ConvertEmptyStringsToNull->handle(Object(Illuminate\\Http\\Request), Object(Closure))
#36 /Users/saklinmustak/Projects/Website Projects/WEB/ranihati-construction-private-limited/vendor/laravel/framework/src/Illuminate/Foundation/Http/Middleware/TransformsRequest.php(21): Illuminate\\Pipeline\\Pipeline->{closure:{closure:Illuminate\\Pipeline\\Pipeline::carry():194}:195}(Object(Illuminate\\Http\\Request))
#37 /Users/saklinmustak/Projects/Website Projects/WEB/ranihati-construction-private-limited/vendor/laravel/framework/src/Illuminate/Foundation/Http/Middleware/TrimStrings.php(51): Illuminate\\Foundation\\Http\\Middleware\\TransformsRequest->handle(Object(Illuminate\\Http\\Request), Object(Closure))
#38 /Users/saklinmustak/Projects/Website Projects/WEB/ranihati-construction-private-limited/vendor/laravel/framework/src/Illuminate/Pipeline/Pipeline.php(219): Illuminate\\Foundation\\Http\\Middleware\\TrimStrings->handle(Object(Illuminate\\Http\\Request), Object(Closure))
#39 /Users/saklinmustak/Projects/Website Projects/WEB/ranihati-construction-private-limited/vendor/laravel/framework/src/Illuminate/Http/Middleware/ValidatePostSize.php(27): Illuminate\\Pipeline\\Pipeline->{closure:{closure:Illuminate\\Pipeline\\Pipeline::carry():194}:195}(Object(Illuminate\\Http\\Request))
#40 /Users/saklinmustak/Projects/Website Projects/WEB/ranihati-construction-private-limited/vendor/laravel/framework/src/Illuminate/Pipeline/Pipeline.php(219): Illuminate\\Http\\Middleware\\ValidatePostSize->handle(Object(Illuminate\\Http\\Request), Object(Closure))
#41 /Users/saklinmustak/Projects/Website Projects/WEB/ranihati-construction-private-limited/vendor/laravel/framework/src/Illuminate/Foundation/Http/Middleware/PreventRequestsDuringMaintenance.php(109): Illuminate\\Pipeline\\Pipeline->{closure:{closure:Illuminate\\Pipeline\\Pipeline::carry():194}:195}(Object(Illuminate\\Http\\Request))
#42 /Users/saklinmustak/Projects/Website Projects/WEB/ranihati-construction-private-limited/vendor/laravel/framework/src/Illuminate/Pipeline/Pipeline.php(219): Illuminate\\Foundation\\Http\\Middleware\\PreventRequestsDuringMaintenance->handle(Object(Illuminate\\Http\\Request), Object(Closure))
#43 /Users/saklinmustak/Projects/Website Projects/WEB/ranihati-construction-private-limited/vendor/laravel/framework/src/Illuminate/Http/Middleware/HandleCors.php(61): Illuminate\\Pipeline\\Pipeline->{closure:{closure:Illuminate\\Pipeline\\Pipeline::carry():194}:195}(Object(Illuminate\\Http\\Request))
#44 /Users/saklinmustak/Projects/Website Projects/WEB/ranihati-construction-private-limited/vendor/laravel/framework/src/Illuminate/Pipeline/Pipeline.php(219): Illuminate\\Http\\Middleware\\HandleCors->handle(Object(Illuminate\\Http\\Request), Object(Closure))
#45 /Users/saklinmustak/Projects/Website Projects/WEB/ranihati-construction-private-limited/vendor/laravel/framework/src/Illuminate/Http/Middleware/TrustProxies.php(58): Illuminate\\Pipeline\\Pipeline->{closure:{closure:Illuminate\\Pipeline\\Pipeline::carry():194}:195}(Object(Illuminate\\Http\\Request))
#46 /Users/saklinmustak/Projects/Website Projects/WEB/ranihati-construction-private-limited/vendor/laravel/framework/src/Illuminate/Pipeline/Pipeline.php(219): Illuminate\\Http\\Middleware\\TrustProxies->handle(Object(Illuminate\\Http\\Request), Object(Closure))
#47 /Users/saklinmustak/Projects/Website Projects/WEB/ranihati-construction-private-limited/vendor/laravel/framework/src/Illuminate/Foundation/Http/Middleware/InvokeDeferredCallbacks.php(22): Illuminate\\Pipeline\\Pipeline->{closure:{closure:Illuminate\\Pipeline\\Pipeline::carry():194}:195}(Object(Illuminate\\Http\\Request))
#48 /Users/saklinmustak/Projects/Website Projects/WEB/ranihati-construction-private-limited/vendor/laravel/framework/src/Illuminate/Pipeline/Pipeline.php(219): Illuminate\\Foundation\\Http\\Middleware\\InvokeDeferredCallbacks->handle(Object(Illuminate\\Http\\Request), Object(Closure))
#49 /Users/saklinmustak/Projects/Website Projects/WEB/ranihati-construction-private-limited/vendor/laravel/framework/src/Illuminate/Http/Middleware/ValidatePathEncoding.php(26): Illuminate\\Pipeline\\Pipeline->{closure:{closure:Illuminate\\Pipeline\\Pipeline::carry():194}:195}(Object(Illuminate\\Http\\Request))
#50 /Users/saklinmustak/Projects/Website Projects/WEB/ranihati-construction-private-limited/vendor/laravel/framework/src/Illuminate/Pipeline/Pipeline.php(219): Illuminate\\Http\\Middleware\\ValidatePathEncoding->handle(Object(Illuminate\\Http\\Request), Object(Closure))
#51 /Users/saklinmustak/Projects/Website Projects/WEB/ranihati-construction-private-limited/vendor/laravel/framework/src/Illuminate/Pipeline/Pipeline.php(137): Illuminate\\Pipeline\\Pipeline->{closure:{closure:Illuminate\\Pipeline\\Pipeline::carry():194}:195}(Object(Illuminate\\Http\\Request))
#52 /Users/saklinmustak/Projects/Website Projects/WEB/ranihati-construction-private-limited/vendor/laravel/framework/src/Illuminate/Foundation/Http/Kernel.php(175): Illuminate\\Pipeline\\Pipeline->then(Object(Closure))
#53 /Users/saklinmustak/Projects/Website Projects/WEB/ranihati-construction-private-limited/vendor/laravel/framework/src/Illuminate/Foundation/Http/Kernel.php(144): Illuminate\\Foundation\\Http\\Kernel->sendRequestThroughRouter(Object(Illuminate\\Http\\Request))
#54 /Users/saklinmustak/Projects/Website Projects/WEB/ranihati-construction-private-limited/vendor/laravel/framework/src/Illuminate/Foundation/Application.php(1220): Illuminate\\Foundation\\Http\\Kernel->handle(Object(Illuminate\\Http\\Request))
#55 /Users/saklinmustak/Projects/Website Projects/WEB/ranihati-construction-private-limited/public/index.php(20): Illuminate\\Foundation\\Application->handleRequest(Object(Illuminate\\Http\\Request))
#56 /Applications/Herd.app/Contents/Resources/valet/server.php(168): require('/Users/saklinmu...')
#57 {main}

[previous exception] [object] (PDOException(code: 1045): SQLSTATE[HY000] [1045] Access denied for user 'root'@'localhost' (using password: NO) at /Users/saklinmustak/Projects/Website Projects/WEB/ranihati-construction-private-limited/vendor/laravel/framework/src/Illuminate/Database/Connectors/Connector.php:67)
[stacktrace]
#0 /Users/saklinmustak/Projects/Website Projects/WEB/ranihati-construction-private-limited/vendor/laravel/framework/src/Illuminate/Database/Connectors/Connector.php(67): PDO::connect('mysql:host=127....', 'root', Object(SensitiveParameterValue), Array)
#1 /Users/saklinmustak/Projects/Website Projects/WEB/ranihati-construction-private-limited/vendor/laravel/framework/src/Illuminate/Database/Connectors/Connector.php(85): Illuminate\\Database\\Connectors\\Connector->createPdoConnection('mysql:host=127....', 'root', Object(SensitiveParameterValue), Array)
#2 /Users/saklinmustak/Projects/Website Projects/WEB/ranihati-construction-private-limited/vendor/laravel/framework/src/Illuminate/Database/Connectors/Connector.php(48): Illuminate\\Database\\Connectors\\Connector->tryAgainIfCausedByLostConnection(Object(PDOException), 'mysql:host=127....', 'root', Object(SensitiveParameterValue), Array)
#3 /Users/saklinmustak/Projects/Website Projects/WEB/ranihati-construction-private-limited/vendor/laravel/framework/src/Illuminate/Database/Connectors/MySqlConnector.php(24): Illuminate\\Database\\Connectors\\Connector->createConnection('mysql:host=127....', Array, Array)
#4 /Users/saklinmustak/Projects/Website Projects/WEB/ranihati-construction-private-limited/vendor/laravel/framework/src/Illuminate/Database/Connectors/ConnectionFactory.php(186): Illuminate\\Database\\Connectors\\MySqlConnector->connect(Array)
#5 [internal function]: Illuminate\\Database\\Connectors\\ConnectionFactory->{closure:Illuminate\\Database\\Connectors\\ConnectionFactory::createPdoResolverWithHosts():181}()
#6 /Users/saklinmustak/Projects/Website Projects/WEB/ranihati-construction-private-limited/vendor/laravel/framework/src/Illuminate/Database/Connection.php(1257): call_user_func(Object(Closure))
#7 /Users/saklinmustak/Projects/Website Projects/WEB/ranihati-construction-private-limited/vendor/laravel/framework/src/Illuminate/Database/Connection.php(525): Illuminate\\Database\\Connection->getPdo()
#8 /Users/saklinmustak/Projects/Website Projects/WEB/ranihati-construction-private-limited/vendor/laravel/framework/src/Illuminate/Database/Connection.php(420): Illuminate\\Database\\Connection->getPdoForSelect(false)
#9 /Users/saklinmustak/Projects/Website Projects/WEB/ranihati-construction-private-limited/vendor/laravel/framework/src/Illuminate/Database/Connection.php(827): Illuminate\\Database\\Connection->{closure:Illuminate\\Database\\Connection::select():411}('select * from `...', Array)
#10 /Users/saklinmustak/Projects/Website Projects/WEB/ranihati-construction-private-limited/vendor/laravel/framework/src/Illuminate/Database/Connection.php(999): Illuminate\\Database\\Connection->runQueryCallback('select * from `...', Array, Object(Closure))
#11 /Users/saklinmustak/Projects/Website Projects/WEB/ranihati-construction-private-limited/vendor/laravel/framework/src/Illuminate/Database/Connection.php(978): Illuminate\\Database\\Connection->tryAgainIfCausedByLostConnection(Object(Illuminate\\Database\\QueryException), 'select * from `...', Array, Object(Closure))
#12 /Users/saklinmustak/Projects/Website Projects/WEB/ranihati-construction-private-limited/vendor/laravel/framework/src/Illuminate/Database/Connection.php(796): Illuminate\\Database\\Connection->handleQueryException(Object(Illuminate\\Database\\QueryException), 'select * from `...', Array, Object(Closure))
#13 /Users/saklinmustak/Projects/Website Projects/WEB/ranihati-construction-private-limited/vendor/laravel/framework/src/Illuminate/Database/Connection.php(411): Illuminate\\Database\\Connection->run('select * from `...', Array, Object(Closure))
#14 /Users/saklinmustak/Projects/Website Projects/WEB/ranihati-construction-private-limited/vendor/laravel/framework/src/Illuminate/Database/Query/Builder.php(3386): Illuminate\\Database\\Connection->select('select * from `...', Array, false)
#15 /Users/saklinmustak/Projects/Website Projects/WEB/ranihati-construction-private-limited/vendor/laravel/framework/src/Illuminate/Database/Query/Builder.php(3371): Illuminate\\Database\\Query\\Builder->runSelect()
#16 /Users/saklinmustak/Projects/Website Projects/WEB/ranihati-construction-private-limited/vendor/laravel/framework/src/Illuminate/Database/Query/Builder.php(3961): Illuminate\\Database\\Query\\Builder->{closure:Illuminate\\Database\\Query\\Builder::get():3370}()
#17 /Users/saklinmustak/Projects/Website Projects/WEB/ranihati-construction-private-limited/vendor/laravel/framework/src/Illuminate/Database/Query/Builder.php(3370): Illuminate\\Database\\Query\\Builder->onceWithColumns(Array, Object(Closure))
#18 /Users/saklinmustak/Projects/Website Projects/WEB/ranihati-construction-private-limited/vendor/laravel/framework/src/Illuminate/Database/Concerns/BuildsQueries.php(366): Illuminate\\Database\\Query\\Builder->get(Array)
#19 /Users/saklinmustak/Projects/Website Projects/WEB/ranihati-construction-private-limited/vendor/laravel/framework/src/Illuminate/Database/Query/Builder.php(3293): Illuminate\\Database\\Query\\Builder->first(Array)
#20 /Users/saklinmustak/Projects/Website Projects/WEB/ranihati-construction-private-limited/vendor/laravel/framework/src/Illuminate/Session/DatabaseSessionHandler.php(96): Illuminate\\Database\\Query\\Builder->find('ckjmTzgV4M6oO3V...')
#21 /Users/saklinmustak/Projects/Website Projects/WEB/ranihati-construction-private-limited/vendor/laravel/framework/src/Illuminate/Session/Store.php(126): Illuminate\\Session\\DatabaseSessionHandler->read('ckjmTzgV4M6oO3V...')
#22 /Users/saklinmustak/Projects/Website Projects/WEB/ranihati-construction-private-limited/vendor/laravel/framework/src/Illuminate/Session/Store.php(114): Illuminate\\Session\\Store->readFromHandler()
#23 /Users/saklinmustak/Projects/Website Projects/WEB/ranihati-construction-private-limited/vendor/laravel/framework/src/Illuminate/Session/Store.php(98): Illuminate\\Session\\Store->loadSession()
#24 /Users/saklinmustak/Projects/Website Projects/WEB/ranihati-construction-private-limited/vendor/laravel/framework/src/Illuminate/Session/Middleware/StartSession.php(146): Illuminate\\Session\\Store->start()
#25 /Users/saklinmustak/Projects/Website Projects/WEB/ranihati-construction-private-limited/vendor/laravel/framework/src/Illuminate/Support/helpers.php(390): Illuminate\\Session\\Middleware\\StartSession->{closure:Illuminate\\Session\\Middleware\\StartSession::startSession():143}(Object(Illuminate\\Session\\Store))
#26 /Users/saklinmustak/Projects/Website Projects/WEB/ranihati-construction-private-limited/vendor/laravel/framework/src/Illuminate/Session/Middleware/StartSession.php(143): tap(Object(Illuminate\\Session\\Store), Object(Closure))
#27 /Users/saklinmustak/Projects/Website Projects/WEB/ranihati-construction-private-limited/vendor/laravel/framework/src/Illuminate/Session/Middleware/StartSession.php(115): Illuminate\\Session\\Middleware\\StartSession->startSession(Object(Illuminate\\Http\\Request), Object(Illuminate\\Session\\Store))
#28 /Users/saklinmustak/Projects/Website Projects/WEB/ranihati-construction-private-limited/vendor/laravel/framework/src/Illuminate/Session/Middleware/StartSession.php(63): Illuminate\\Session\\Middleware\\StartSession->handleStatefulRequest(Object(Illuminate\\Http\\Request), Object(Illuminate\\Session\\Store), Object(Closure))
#29 /Users/saklinmustak/Projects/Website Projects/WEB/ranihati-construction-private-limited/vendor/laravel/framework/src/Illuminate/Pipeline/Pipeline.php(219): Illuminate\\Session\\Middleware\\StartSession->handle(Object(Illuminate\\Http\\Request), Object(Closure))
#30 /Users/saklinmustak/Projects/Website Projects/WEB/ranihati-construction-private-limited/vendor/laravel/framework/src/Illuminate/Cookie/Middleware/AddQueuedCookiesToResponse.php(36): Illuminate\\Pipeline\\Pipeline->{closure:{closure:Illuminate\\Pipeline\\Pipeline::carry():194}:195}(Object(Illuminate\\Http\\Request))
#31 /Users/saklinmustak/Projects/Website Projects/WEB/ranihati-construction-private-limited/vendor/laravel/framework/src/Illuminate/Pipeline/Pipeline.php(219): Illuminate\\Cookie\\Middleware\\AddQueuedCookiesToResponse->handle(Object(Illuminate\\Http\\Request), Object(Closure))
#32 /Users/saklinmustak/Projects/Website Projects/WEB/ranihati-construction-private-limited/vendor/laravel/framework/src/Illuminate/Cookie/Middleware/EncryptCookies.php(74): Illuminate\\Pipeline\\Pipeline->{closure:{closure:Illuminate\\Pipeline\\Pipeline::carry():194}:195}(Object(Illuminate\\Http\\Request))
#33 /Users/saklinmustak/Projects/Website Projects/WEB/ranihati-construction-private-limited/vendor/laravel/framework/src/Illuminate/Pipeline/Pipeline.php(219): Illuminate\\Cookie\\Middleware\\EncryptCookies->handle(Object(Illuminate\\Http\\Request), Object(Closure))
#34 /Users/saklinmustak/Projects/Website Projects/WEB/ranihati-construction-private-limited/vendor/laravel/framework/src/Illuminate/Pipeline/Pipeline.php(137): Illuminate\\Pipeline\\Pipeline->{closure:{closure:Illuminate\\Pipeline\\Pipeline::carry():194}:195}(Object(Illuminate\\Http\\Request))
#35 /Users/saklinmustak/Projects/Website Projects/WEB/ranihati-construction-private-limited/vendor/laravel/framework/src/Illuminate/Routing/Router.php(821): Illuminate\\Pipeline\\Pipeline->then(Object(Closure))
#36 /Users/saklinmustak/Projects/Website Projects/WEB/ranihati-construction-private-limited/vendor/laravel/framework/src/Illuminate/Routing/Router.php(800): Illuminate\\Routing\\Router->runRouteWithinStack(Object(Illuminate\\Routing\\Route), Object(Illuminate\\Http\\Request))
#37 /Users/saklinmustak/Projects/Website Projects/WEB/ranihati-construction-private-limited/vendor/laravel/framework/src/Illuminate/Routing/Router.php(764): Illuminate\\Routing\\Router->runRoute(Object(Illuminate\\Http\\Request), Object(Illuminate\\Routing\\Route))
#38 /Users/saklinmustak/Projects/Website Projects/WEB/ranihati-construction-private-limited/vendor/laravel/framework/src/Illuminate/Routing/Router.php(753): Illuminate\\Routing\\Router->dispatchToRoute(Object(Illuminate\\Http\\Request))
#39 /Users/saklinmustak/Projects/Website Projects/WEB/ranihati-construction-private-limited/vendor/laravel/framework/src/Illuminate/Foundation/Http/Kernel.php(200): Illuminate\\Routing\\Router->dispatch(Object(Illuminate\\Http\\Request))
#40 /Users/saklinmustak/Projects/Website Projects/WEB/ranihati-construction-private-limited/vendor/laravel/framework/src/Illuminate/Pipeline/Pipeline.php(180): Illuminate\\Foundation\\Http\\Kernel->{closure:Illuminate\\Foundation\\Http\\Kernel::dispatchToRouter():197}(Object(Illuminate\\Http\\Request))
#41 /Users/saklinmustak/Projects/Website Projects/WEB/ranihati-construction-private-limited/vendor/livewire/livewire/src/Features/SupportDisablingBackButtonCache/DisableBackButtonCacheMiddleware.php(19): Illuminate\\Pipeline\\Pipeline->{closure:Illuminate\\Pipeline\\Pipeline::prepareDestination():178}(Object(Illuminate\\Http\\Request))
#42 /Users/saklinmustak/Projects/Website Projects/WEB/ranihati-construction-private-limited/vendor/laravel/framework/src/Illuminate/Pipeline/Pipeline.php(219): Livewire\\Features\\SupportDisablingBackButtonCache\\DisableBackButtonCacheMiddleware->handle(Object(Illuminate\\Http\\Request), Object(Closure))
#43 /Users/saklinmustak/Projects/Website Projects/WEB/ranihati-construction-private-limited/vendor/laravel/framework/src/Illuminate/Foundation/Http/Middleware/TransformsRequest.php(21): Illuminate\\Pipeline\\Pipeline->{closure:{closure:Illuminate\\Pipeline\\Pipeline::carry():194}:195}(Object(Illuminate\\Http\\Request))
#44 /Users/saklinmustak/Projects/Website Projects/WEB/ranihati-construction-private-limited/vendor/laravel/framework/src/Illuminate/Foundation/Http/Middleware/ConvertEmptyStringsToNull.php(31): Illuminate\\Foundation\\Http\\Middleware\\TransformsRequest->handle(Object(Illuminate\\Http\\Request), Object(Closure))
#45 /Users/saklinmustak/Projects/Website Projects/WEB/ranihati-construction-private-limited/vendor/laravel/framework/src/Illuminate/Pipeline/Pipeline.php(219): Illuminate\\Foundation\\Http\\Middleware\\ConvertEmptyStringsToNull->handle(Object(Illuminate\\Http\\Request), Object(Closure))
#46 /Users/saklinmustak/Projects/Website Projects/WEB/ranihati-construction-private-limited/vendor/laravel/framework/src/Illuminate/Foundation/Http/Middleware/TransformsRequest.php(21): Illuminate\\Pipeline\\Pipeline->{closure:{closure:Illuminate\\Pipeline\\Pipeline::carry():194}:195}(Object(Illuminate\\Http\\Request))
#47 /Users/saklinmustak/Projects/Website Projects/WEB/ranihati-construction-private-limited/vendor/laravel/framework/src/Illuminate/Foundation/Http/Middleware/TrimStrings.php(51): Illuminate\\Foundation\\Http\\Middleware\\TransformsRequest->handle(Object(Illuminate\\Http\\Request), Object(Closure))
#48 /Users/saklinmustak/Projects/Website Projects/WEB/ranihati-construction-private-limited/vendor/laravel/framework/src/Illuminate/Pipeline/Pipeline.php(219): Illuminate\\Foundation\\Http\\Middleware\\TrimStrings->handle(Object(Illuminate\\Http\\Request), Object(Closure))
#49 /Users/saklinmustak/Projects/Website Projects/WEB/ranihati-construction-private-limited/vendor/laravel/framework/src/Illuminate/Http/Middleware/ValidatePostSize.php(27): Illuminate\\Pipeline\\Pipeline->{closure:{closure:Illuminate\\Pipeline\\Pipeline::carry():194}:195}(Object(Illuminate\\Http\\Request))
#50 /Users/saklinmustak/Projects/Website Projects/WEB/ranihati-construction-private-limited/vendor/laravel/framework/src/Illuminate/Pipeline/Pipeline.php(219): Illuminate\\Http\\Middleware\\ValidatePostSize->handle(Object(Illuminate\\Http\\Request), Object(Closure))
#51 /Users/saklinmustak/Projects/Website Projects/WEB/ranihati-construction-private-limited/vendor/laravel/framework/src/Illuminate/Foundation/Http/Middleware/PreventRequestsDuringMaintenance.php(109): Illuminate\\Pipeline\\Pipeline->{closure:{closure:Illuminate\\Pipeline\\Pipeline::carry():194}:195}(Object(Illuminate\\Http\\Request))
#52 /Users/saklinmustak/Projects/Website Projects/WEB/ranihati-construction-private-limited/vendor/laravel/framework/src/Illuminate/Pipeline/Pipeline.php(219): Illuminate\\Foundation\\Http\\Middleware\\PreventRequestsDuringMaintenance->handle(Object(Illuminate\\Http\\Request), Object(Closure))
#53 /Users/saklinmustak/Projects/Website Projects/WEB/ranihati-construction-private-limited/vendor/laravel/framework/src/Illuminate/Http/Middleware/HandleCors.php(61): Illuminate\\Pipeline\\Pipeline->{closure:{closure:Illuminate\\Pipeline\\Pipeline::carry():194}:195}(Object(Illuminate\\Http\\Request))
#54 /Users/saklinmustak/Projects/Website Projects/WEB/ranihati-construction-private-limited/vendor/laravel/framework/src/Illuminate/Pipeline/Pipeline.php(219): Illuminate\\Http\\Middleware\\HandleCors->handle(Object(Illuminate\\Http\\Request), Object(Closure))
#55 /Users/saklinmustak/Projects/Website Projects/WEB/ranihati-construction-private-limited/vendor/laravel/framework/src/Illuminate/Http/Middleware/TrustProxies.php(58): Illuminate\\Pipeline\\Pipeline->{closure:{closure:Illuminate\\Pipeline\\Pipeline::carry():194}:195}(Object(Illuminate\\Http\\Request))
#56 /Users/saklinmustak/Projects/Website Projects/WEB/ranihati-construction-private-limited/vendor/laravel/framework/src/Illuminate/Pipeline/Pipeline.php(219): Illuminate\\Http\\Middleware\\TrustProxies->handle(Object(Illuminate\\Http\\Request), Object(Closure))
#57 /Users/saklinmustak/Projects/Website Projects/WEB/ranihati-construction-private-limited/vendor/laravel/framework/src/Illuminate/Foundation/Http/Middleware/InvokeDeferredCallbacks.php(22): Illuminate\\Pipeline\\Pipeline->{closure:{closure:Illuminate\\Pipeline\\Pipeline::carry():194}:195}(Object(Illuminate\\Http\\Request))
#58 /Users/saklinmustak/Projects/Website Projects/WEB/ranihati-construction-private-limited/vendor/laravel/framework/src/Illuminate/Pipeline/Pipeline.php(219): Illuminate\\Foundation\\Http\\Middleware\\InvokeDeferredCallbacks->handle(Object(Illuminate\\Http\\Request), Object(Closure))
#59 /Users/saklinmustak/Projects/Website Projects/WEB/ranihati-construction-private-limited/vendor/laravel/framework/src/Illuminate/Http/Middleware/ValidatePathEncoding.php(26): Illuminate\\Pipeline\\Pipeline->{closure:{closure:Illuminate\\Pipeline\\Pipeline::carry():194}:195}(Object(Illuminate\\Http\\Request))
#60 /Users/saklinmustak/Projects/Website Projects/WEB/ranihati-construction-private-limited/vendor/laravel/framework/src/Illuminate/Pipeline/Pipeline.php(219): Illuminate\\Http\\Middleware\\ValidatePathEncoding->handle(Object(Illuminate\\Http\\Request), Object(Closure))
#61 /Users/saklinmustak/Projects/Website Projects/WEB/ranihati-construction-private-limited/vendor/laravel/framework/src/Illuminate/Pipeline/Pipeline.php(137): Illuminate\\Pipeline\\Pipeline->{closure:{closure:Illuminate\\Pipeline\\Pipeline::carry():194}:195}(Object(Illuminate\\Http\\Request))
#62 /Users/saklinmustak/Projects/Website Projects/WEB/ranihati-construction-private-limited/vendor/laravel/framework/src/Illuminate/Foundation/Http/Kernel.php(175): Illuminate\\Pipeline\\Pipeline->then(Object(Closure))
#63 /Users/saklinmustak/Projects/Website Projects/WEB/ranihati-construction-private-limited/vendor/laravel/framework/src/Illuminate/Foundation/Http/Kernel.php(144): Illuminate\\Foundation\\Http\\Kernel->sendRequestThroughRouter(Object(Illuminate\\Http\\Request))
#64 /Users/saklinmustak/Projects/Website Projects/WEB/ranihati-construction-private-limited/vendor/laravel/framework/src/Illuminate/Foundation/Application.php(1220): Illuminate\\Foundation\\Http\\Kernel->handle(Object(Illuminate\\Http\\Request))
#65 /Users/saklinmustak/Projects/Website Projects/WEB/ranihati-construction-private-limited/public/index.php(20): Illuminate\\Foundation\\Application->handleRequest(Object(Illuminate\\Http\\Request))
#66 /Applications/Herd.app/Contents/Resources/valet/server.php(168): require('/Users/saklinmu...')
#67 {main}
"} 
